

C:\Users\dirga\AppData\Roaming\MetaQuotes\Terminal\D0E8209F77C8CF37AD8BF550E51FF075\MQL5\Experts\AdaptiveSurvivalEA\AdaptiveSurvivalEA.mq5 : information: compiling C:\Users\dirga\AppData\Roaming\MetaQuotes\Terminal\D0E8209F77C8CF37AD8BF550E51FF075\MQL5\Experts\AdaptiveSurvivalEA\AdaptiveSurvivalEA.mq5
C:\Users\dirga\AppData\Roaming\MetaQuotes\Terminal\D0E8209F77C8CF37AD8BF550E51FF075\MQL5\Experts\AdaptiveSurvivalEA\AdaptiveSurvivalEA.mq5 : information: including C:\Users\dirga\AppData\Roaming\MetaQuotes\Terminal\D0E8209F77C8CF37AD8BF550E51FF075\MQL5\Experts\AdaptiveSurvivalEA\Config.mqh
C:\Users\dirga\AppData\Roaming\MetaQuotes\Terminal\D0E8209F77C8CF37AD8BF550E51FF075\MQL5\Experts\AdaptiveSurvivalEA\AdaptiveSurvivalEA.mq5 : information: including C:\Users\dirga\AppData\Roaming\MetaQuotes\Terminal\D0E8209F77C8CF37AD8BF550E51FF075\MQL5\Experts\AdaptiveSurvivalEA\Types.mqh
C:\Users\dirga\AppData\Roaming\MetaQuotes\Terminal\D0E8209F77C8CF37AD8BF550E51FF075\MQL5\Experts\AdaptiveSurvivalEA\AdaptiveSurvivalEA.mq5 : information: including C:\Users\dirga\AppData\Roaming\MetaQuotes\Terminal\D0E8209F77C8CF37AD8BF550E51FF075\MQL5\Experts\AdaptiveSurvivalEA\Logger.mqh
C:\Users\dirga\AppData\Roaming\MetaQuotes\Terminal\D0E8209F77C8CF37AD8BF550E51FF075\MQL5\Experts\AdaptiveSurvivalEA\AdaptiveSurvivalEA.mq5 : information: including C:\Users\dirga\AppData\Roaming\MetaQuotes\Terminal\D0E8209F77C8CF37AD8BF550E51FF075\MQL5\Experts\AdaptiveSurvivalEA\BrokerEnvironment.mqh
C:\Users\dirga\AppData\Roaming\MetaQuotes\Terminal\D0E8209F77C8CF37AD8BF550E51FF075\MQL5\Experts\AdaptiveSurvivalEA\AdaptiveSurvivalEA.mq5 : information: including C:\Users\dirga\AppData\Roaming\MetaQuotes\Terminal\D0E8209F77C8CF37AD8BF550E51FF075\MQL5\Experts\AdaptiveSurvivalEA\RiskEngine.mqh
C:\Users\dirga\AppData\Roaming\MetaQuotes\Terminal\D0E8209F77C8CF37AD8BF550E51FF075\MQL5\Experts\AdaptiveSurvivalEA\AdaptiveSurvivalEA.mq5 : information: including C:\Users\dirga\AppData\Roaming\MetaQuotes\Terminal\D0E8209F77C8CF37AD8BF550E51FF075\MQL5\Experts\AdaptiveSurvivalEA\SwingStructure.mqh
C:\Users\dirga\AppData\Roaming\MetaQuotes\Terminal\D0E8209F77C8CF37AD8BF550E51FF075\MQL5\Experts\AdaptiveSurvivalEA\AdaptiveSurvivalEA.mq5 : information: including C:\Users\dirga\AppData\Roaming\MetaQuotes\Terminal\D0E8209F77C8CF37AD8BF550E51FF075\MQL5\Experts\AdaptiveSurvivalEA\DiagnosticCollector.mqh
C:\Users\dirga\AppData\Roaming\MetaQuotes\Terminal\D0E8209F77C8CF37AD8BF550E51FF075\MQL5\Experts\AdaptiveSurvivalEA\DiagnosticCollector.mqh : information: including C:\Users\dirga\AppData\Roaming\MetaQuotes\Terminal\D0E8209F77C8CF37AD8BF550E51FF075\MQL5\Experts\AdaptiveSurvivalEA\RegimeFusion.mqh
C:\Users\dirga\AppData\Roaming\MetaQuotes\Terminal\D0E8209F77C8CF37AD8BF550E51FF075\MQL5\Experts\AdaptiveSurvivalEA\AdaptiveSurvivalEA.mq5 : information: including C:\Users\dirga\AppData\Roaming\MetaQuotes\Terminal\D0E8209F77C8CF37AD8BF550E51FF075\MQL5\Experts\AdaptiveSurvivalEA\MarketBrain.mqh
 : information: generating code
 : information: generating code 3%
 : information: generating code 6%
 : information: generating code 9%
 : information: generating code 12%
 : information: generating code 15%
 : information: generating code 18%
 : information: generating code 21%
 : information: generating code 24%
 : information: generating code 27%
 : information: generating code 30%
 : information: generating code 33%
 : information: generating code 36%
 : information: generating code 39%
 : information: generating code 42%
 : information: generating code 45%
 : information: generating code 48%
 : information: generating code 51%
 : information: generating code 54%
 : information: generating code 57%
 : information: generating code 60%
 : information: generating code 63%
 : information: generating code 66%
 : information: generating code 69%
 : information: generating code 72%
 : information: generating code 75%
 : information: generating code 78%
 : information: generating code 81%
 : information: generating code 84%
 : information: generating code 87%
 : information: generating code 90%
 : information: generating code 93%
 : information: generating code 95%
 : information: generating code 100%
 : information: code generated
Result: 0 errors, 0 warnings, 1934 ms elapsed, cpu='X64 Regular'
